23:08:52 **** Incremental Build of configuration Debug for project Blink_New ****
make -j12 all 
arm-none-eabi-gcc "../Core/Src/main.c" -mcpu=cortex-m3 -std=gnu11 -g3 -DDEBUG -DUSE_HAL_DRIVER -DSTM32F103xB -c -I../Core/Inc -I../Drivers/STM32F1xx_HAL_Driver/Inc/Legacy -I../Drivers/STM32F1xx_HAL_Driver/Inc -I../Drivers/CMSIS/Device/ST/STM32F1xx/Include -I../Drivers/CMSIS/Include -O0 -ffunction-sections -fdata-sections -Wall -fstack-usage -fcyclomatic-complexity -MMD -MP -MF"Core/Src/main.d" -MT"Core/Src/main.o" --specs=nano.specs -mfloat-abi=soft -mthumb -o "Core/Src/main.o"
arm-none-eabi-gcc -o "Blink_New.elf" @"objects.list"   -mcpu=cortex-m3 -T"C:\Users\jdjdu\C-C-embedded-RTOS-Linux-etc\stm32\Blink_New\STM32F103C8TX_FLASH.ld" --specs=nosys.specs -Wl,-Map="Blink_New.map" -Wl,--gc-sections -static --specs=nano.specs -mfloat-abi=soft -mthumb -Wl,--start-group -lc -lm -Wl,--end-group
Finished building target: Blink_New.elf
 
arm-none-eabi-size  Blink_New.elf 
arm-none-eabi-objdump -h -S Blink_New.elf  > "Blink_New.list"
   text	   data	    bss	    dec	    hex	filename
   4700	     12	   1580	   6292	   1894	Blink_New.elf
Finished building: default.size.stdout
 
Finished building: Blink_New.list
 

23:08:53 Build Finished. 0 errors, 0 warnings. (took 436ms)

